// Jest Snapshot v1, https://goo.gl/fbAQLP

exports[`migrator-js should provide list of pending migrations 1`] = `
Array [
  Object {
    "name": "001-test-migration.ts",
    "result": undefined,
    "status": "PENDING",
  },
  Object {
    "name": "002-fail-example.ts",
    "result": undefined,
    "status": "PENDING",
  },
]
`;

exports[`migrator-js should run a single migration 1`] = `"[{\\"sum\\":2}]"`;
